[INFO] Scanning for projects...
[INFO] 
[INFO] ----------------< com.hometown.store:liquor-store-app >-----------------
[INFO] Building liquor-store-app 0.0.1-SNAPSHOT
[INFO]   from pom.xml
[INFO] --------------------------------[ war ]---------------------------------
[INFO] 
[INFO] >>> spring-boot:3.5.0:run (default-cli) > test-compile @ liquor-store-app >>>
[INFO] 
[INFO] --- frontend:1.12.1:install-node-and-npm (install node and npm) @ liquor-store-app ---
[INFO] Node v18.17.0 is already installed.
[INFO] 
[INFO] --- frontend:1.12.1:npm (npm install) @ liquor-store-app ---
[INFO] Running 'npm install' in /Users/saivivekreddykusukuntla/IdeaProjects/liquor-store-app/src/main/frontend
[INFO] 
[INFO] up to date, audited 1343 packages in 2s
[INFO] 
[INFO] 269 packages are looking for funding
[INFO]   run `npm fund` for details
[INFO] 
[INFO] 10 vulnerabilities (1 low, 3 moderate, 6 high)
[INFO] 
[INFO] To address issues that do not require attention, run:
[INFO]   npm audit fix
[INFO] 
[INFO] To address all issues (including breaking changes), run:
[INFO]   npm audit fix --force
[INFO] 
[INFO] Run `npm audit` for details.
[INFO] 
[INFO] --- frontend:1.12.1:npm (npm run build) @ liquor-store-app ---
[INFO] Running 'npm run build' in /Users/saivivekreddykusukuntla/IdeaProjects/liquor-store-app/src/main/frontend
[INFO] 
[INFO] > frontend@0.1.0 build
[INFO] > react-scripts build
[INFO] 
[INFO] Creating an optimized production build...
[INFO] Compiled with warnings.
[INFO] 
[INFO] [eslint] 
[INFO] src/App.js
[INFO]   Line 7:8:  'Hero' is defined but never used             no-unused-vars
[INFO]   Line 8:8:  'ProductShowcase' is defined but never used  no-unused-vars
[INFO]   Line 9:8:  'Categories' is defined but never used       no-unused-vars
[INFO] 
[INFO] src/components/BourbonCatalog.js
[INFO]   Line 6:10:   'debouncedSearchTerm' is assigned a value but never used                                                                   no-unused-vars
[INFO]   Line 6:31:   'setDebouncedSearchTerm' is assigned a value but never used                                                                no-unused-vars
[INFO]   Line 16:10:  'currentPage' is assigned a value but never used                                                                           no-unused-vars
[INFO]   Line 16:23:  'setCurrentPage' is assigned a value but never used                                                                        no-unused-vars
[INFO]   Line 17:9:   'itemsPerPage' is assigned a value but never used                                                                          no-unused-vars
[INFO]   Line 774:6:  React Hook useMemo has a missing dependency: 'filterOptions.priceRange'. Either include it or remove the dependency array  react-hooks/exhaustive-deps
[INFO] 
[INFO] src/components/PublicHomepage.js
[INFO]   Line 1:17:  'useState' is defined but never used  no-unused-vars
[INFO] 
[INFO] src/components/ScotchCatalog.js
[INFO]   Line 699:6:  React Hook useMemo has a missing dependency: 'filterOptions.priceRange'. Either include it or remove the dependency array  react-hooks/exhaustive-deps
[INFO] 
[INFO] src/components/WineCatalog.js
[INFO]   Line 939:6:  React Hook useMemo has missing dependencies: 'filterOptions.priceRange' and 'wines'. Either include them or remove the dependency array  react-hooks/exhaustive-deps
[INFO] 
[INFO] Search for the keywords to learn more about each warning.
[INFO] To ignore, add // eslint-disable-next-line to the line before.
[INFO] 
[INFO] File sizes after gzip:
[INFO] 
[INFO]   74.1 kB   build/static/js/main.d797dc81.js
[INFO]   12.77 kB  build/static/css/main.3be2bcd9.css
[INFO]   7.94 kB   build/static/js/717.b6027f97.chunk.js
[INFO]   7.11 kB   build/static/js/971.21c1155c.chunk.js
[INFO]   6.34 kB   build/static/js/16.69086b21.chunk.js
[INFO]   3.32 kB   build/static/css/717.4213aebc.chunk.css
[INFO]   3.32 kB   build/static/css/971.4213aebc.chunk.css
[INFO]   3.32 kB   build/static/css/16.4213aebc.chunk.css
[INFO]   1.91 kB   build/static/js/573.7396c678.chunk.js
[INFO]   1.78 kB   build/static/js/453.8ab44547.chunk.js
[INFO]   1.74 kB   build/static/css/573.f06bd829.chunk.css
[INFO] 
[INFO] The project was built assuming it is hosted at /.
[INFO] You can control this with the homepage field in your package.json.
[INFO] 
[INFO] The build folder is ready to be deployed.
[INFO] You may serve it with a static server:
[INFO] 
[INFO]   npm install -g serve
[INFO]   serve -s build
[INFO] 
[INFO] Find out more about deployment here:
[INFO] 
[INFO]   https://cra.link/deployment
[INFO] 
[INFO] 
[INFO] --- resources:3.3.1:resources (default-resources) @ liquor-store-app ---
[INFO] Copying 3 resources from src/main/resources to target/classes
[INFO] Copying 31 resources from src/main/resources to target/classes
[INFO] 
[INFO] --- resources:3.3.1:copy-resources (copy-frontend-build) @ liquor-store-app ---
[INFO] Copying 31 resources from src/main/frontend/build to target/classes/static
[INFO] 
[INFO] --- compiler:3.14.0:compile (default-compile) @ liquor-store-app ---
[INFO] Nothing to compile - all classes are up to date.
[INFO] 
[INFO] --- resources:3.3.1:testResources (default-testResources) @ liquor-store-app ---
[INFO] skip non existing resourceDirectory /Users/saivivekreddykusukuntla/IdeaProjects/liquor-store-app/src/test/resources
[INFO] 
[INFO] --- compiler:3.14.0:testCompile (default-testCompile) @ liquor-store-app ---
[INFO] Nothing to compile - all classes are up to date.
[INFO] 
[INFO] <<< spring-boot:3.5.0:run (default-cli) < test-compile @ liquor-store-app <<<
[INFO] 
[INFO] 
[INFO] --- spring-boot:3.5.0:run (default-cli) @ liquor-store-app ---
[INFO] Attaching agents: []

  .   ____          _            __ _ _
 /\\ / ___'_ __ _ _(_)_ __  __ _ \ \ \ \
( ( )\___ | '_ | '_| | '_ \/ _` | \ \ \ \
 \\/  ___)| |_)| | | | | || (_| |  ) ) ) )
  '  |____| .__|_| |_|_| |_\__, | / / / /
 =========|_|==============|___/=/_/_/_/

 :: Spring Boot ::                (v3.5.0)

2025-06-16 21:07:02 - Starting LiquorStoreAppApplication using Java 22.0.1 with PID 27540 (/Users/saivivekreddykusukuntla/IdeaProjects/liquor-store-app/target/classes started by saivivekreddykusukuntla in /Users/saivivekreddykusukuntla/IdeaProjects/liquor-store-app)
2025-06-16 21:07:02 - The following 1 profile is active: "local"
2025-06-16 21:07:02 - Devtools property defaults active! Set 'spring.devtools.add-properties' to 'false' to disable
2025-06-16 21:07:02 - For additional web related logging consider setting the 'logging.level.web' property to 'DEBUG'
2025-06-16 21:07:02 - Multiple Spring Data modules found, entering strict repository configuration mode
2025-06-16 21:07:02 - Bootstrapping Spring Data JPA repositories in DEFAULT mode.
2025-06-16 21:07:02 - Finished Spring Data repository scanning in 76 ms. Found 4 JPA repository interfaces.
2025-06-16 21:07:02 - Multiple Spring Data modules found, entering strict repository configuration mode
2025-06-16 21:07:02 - Bootstrapping Spring Data Redis repositories in DEFAULT mode.
2025-06-16 21:07:02 - Spring Data Redis - Could not safely identify store assignment for repository candidate interface com.hometown.store.liquorstoreapp.repository.CategoryRepository; If you want this repository to be a Redis repository, consider annotating your entities with one of these annotations: org.springframework.data.redis.core.RedisHash (preferred), or consider extending one of the following types with your repository: org.springframework.data.keyvalue.repository.KeyValueRepository
2025-06-16 21:07:02 - Spring Data Redis - Could not safely identify store assignment for repository candidate interface com.hometown.store.liquorstoreapp.repository.InventoryRepository; If you want this repository to be a Redis repository, consider annotating your entities with one of these annotations: org.springframework.data.redis.core.RedisHash (preferred), or consider extending one of the following types with your repository: org.springframework.data.keyvalue.repository.KeyValueRepository
2025-06-16 21:07:02 - Spring Data Redis - Could not safely identify store assignment for repository candidate interface com.hometown.store.liquorstoreapp.repository.ProductRepository; If you want this repository to be a Redis repository, consider annotating your entities with one of these annotations: org.springframework.data.redis.core.RedisHash (preferred), or consider extending one of the following types with your repository: org.springframework.data.keyvalue.repository.KeyValueRepository
2025-06-16 21:07:02 - Spring Data Redis - Could not safely identify store assignment for repository candidate interface com.hometown.store.liquorstoreapp.repository.UserRepository; If you want this repository to be a Redis repository, consider annotating your entities with one of these annotations: org.springframework.data.redis.core.RedisHash (preferred), or consider extending one of the following types with your repository: org.springframework.data.keyvalue.repository.KeyValueRepository
2025-06-16 21:07:02 - Finished Spring Data repository scanning in 3 ms. Found 0 Redis repository interfaces.
2025-06-16 21:07:02 - Tomcat initialized with port 8080 (http)
2025-06-16 21:07:02 - Starting service [Tomcat]
2025-06-16 21:07:02 - Starting Servlet engine: [Apache Tomcat/10.1.41]
2025-06-16 21:07:02 - Initializing Spring embedded WebApplicationContext
2025-06-16 21:07:02 - Root WebApplicationContext: initialization completed in 925 ms
2025-06-16 21:07:03 - HHH000204: Processing PersistenceUnitInfo [name: default]
2025-06-16 21:07:03 - HHH000412: Hibernate ORM core version 6.6.15.Final
2025-06-16 21:07:03 - HHH000026: Second-level cache disabled
2025-06-16 21:07:03 - No LoadTimeWeaver setup: ignoring JPA class transformer
2025-06-16 21:07:03 - HikariPool-1 - Starting...
2025-06-16 21:07:03 - HikariPool-1 - Added connection conn0: url=jdbc:h2:mem:testdb user=SA
2025-06-16 21:07:03 - HikariPool-1 - Start completed.
2025-06-16 21:07:03 - HHH90000025: H2Dialect does not need to be specified explicitly using 'hibernate.dialect' (remove the property setting and it will be selected by default)
2025-06-16 21:07:03 - HHH10001005: Database info:
	Database JDBC URL [Connecting through datasource 'HikariDataSource (HikariPool-1)']
	Database driver: undefined/unknown
	Database version: 2.3.232
	Autocommit mode: undefined/unknown
	Isolation level: undefined/unknown
	Minimum pool size: undefined/unknown
	Maximum pool size: undefined/unknown
2025-06-16 21:07:03 - HHH000489: No JTA platform available (set 'hibernate.transaction.jta.platform' to enable JTA platform integration)
2025-06-16 21:07:03 - 
    create table categories (
        id bigint generated by default as identity,
        active boolean not null,
        created_at timestamp(6),
        description varchar(255),
        display_order integer,
        icon varchar(255),
        name varchar(255) not null,
        updated_at timestamp(6),
        primary key (id)
    )
Hibernate: 
    create table categories (
        id bigint generated by default as identity,
        active boolean not null,
        created_at timestamp(6),
        description varchar(255),
        display_order integer,
        icon varchar(255),
        name varchar(255) not null,
        updated_at timestamp(6),
        primary key (id)
    )
2025-06-16 21:07:03 - 
    create table inventory (
        id bigint generated by default as identity,
        available_quantity integer not null,
        created_at timestamp(6),
        last_restocked_at timestamp(6),
        low_stock_alert boolean not null,
        minimum_stock integer not null,
        reserved_quantity integer not null,
        total_quantity integer not null,
        updated_at timestamp(6),
        product_id bigint not null,
        primary key (id)
    )
Hibernate: 
    create table inventory (
        id bigint generated by default as identity,
        available_quantity integer not null,
        created_at timestamp(6),
        last_restocked_at timestamp(6),
        low_stock_alert boolean not null,
        minimum_stock integer not null,
        reserved_quantity integer not null,
        total_quantity integer not null,
        updated_at timestamp(6),
        product_id bigint not null,
        primary key (id)
    )
2025-06-16 21:07:03 - 
    create table product_features (
        product_id bigint not null,
        feature varchar(255)
    )
Hibernate: 
    create table product_features (
        product_id bigint not null,
        feature varchar(255)
    )
2025-06-16 21:07:03 - 
    create table product_images (
        product_id bigint not null,
        image_url varchar(255)
    )
Hibernate: 
    create table product_images (
        product_id bigint not null,
        image_url varchar(255)
    )
2025-06-16 21:07:03 - 
    create table products (
        id bigint generated by default as identity,
        active boolean not null,
        age varchar(255),
        alcohol varchar(255),
        created_at timestamp(6),
        description TEXT,
        distillery varchar(255),
        featured boolean not null,
        in_stock boolean not null,
        name varchar(255) not null,
        original_price numeric(10,2),
        price numeric(10,2) not null,
        primary_image_url varchar(255),
        rating float(53),
        region varchar(255),
        reviews integer,
        type varchar(255),
        updated_at timestamp(6),
        vintage varchar(255),
        category_id bigint,
        primary key (id)
    )
Hibernate: 
    create table products (
        id bigint generated by default as identity,
        active boolean not null,
        age varchar(255),
        alcohol varchar(255),
        created_at timestamp(6),
        description TEXT,
        distillery varchar(255),
        featured boolean not null,
        in_stock boolean not null,
        name varchar(255) not null,
        original_price numeric(10,2),
        price numeric(10,2) not null,
        primary_image_url varchar(255),
        rating float(53),
        region varchar(255),
        reviews integer,
        type varchar(255),
        updated_at timestamp(6),
        vintage varchar(255),
        category_id bigint,
        primary key (id)
    )
2025-06-16 21:07:03 - 
    create table users (
        id bigint generated by default as identity,
        account_non_expired boolean not null,
        account_non_locked boolean not null,
        created_at timestamp(6),
        credentials_non_expired boolean not null,
        email varchar(255) not null,
        enabled boolean not null,
        failed_login_attempts integer,
        first_name varchar(50),
        last_login timestamp(6),
        last_name varchar(50),
        password varchar(255) not null,
        phone_number varchar(20),
        role enum ('ADMIN','USER') not null,
        updated_at timestamp(6),
        username varchar(50) not null,
        primary key (id)
    )
Hibernate: 
    create table users (
        id bigint generated by default as identity,
        account_non_expired boolean not null,
        account_non_locked boolean not null,
        created_at timestamp(6),
        credentials_non_expired boolean not null,
        email varchar(255) not null,
        enabled boolean not null,
        failed_login_attempts integer,
        first_name varchar(50),
        last_login timestamp(6),
        last_name varchar(50),
        password varchar(255) not null,
        phone_number varchar(20),
        role enum ('ADMIN','USER') not null,
        updated_at timestamp(6),
        username varchar(50) not null,
        primary key (id)
    )
2025-06-16 21:07:03 - 
    alter table if exists categories 
       drop constraint if exists UKt8o6pivur7nn124jehx7cygw5
Hibernate: 
    alter table if exists categories 
       drop constraint if exists UKt8o6pivur7nn124jehx7cygw5
2025-06-16 21:07:03 - 
    alter table if exists categories 
       add constraint UKt8o6pivur7nn124jehx7cygw5 unique (name)
Hibernate: 
    alter table if exists categories 
       add constraint UKt8o6pivur7nn124jehx7cygw5 unique (name)
2025-06-16 21:07:03 - 
    alter table if exists inventory 
       drop constraint if exists UKce3rbi3bfstbvvyne34c1dvyv
Hibernate: 
    alter table if exists inventory 
       drop constraint if exists UKce3rbi3bfstbvvyne34c1dvyv
2025-06-16 21:07:03 - 
    alter table if exists inventory 
       add constraint UKce3rbi3bfstbvvyne34c1dvyv unique (product_id)
Hibernate: 
    alter table if exists inventory 
       add constraint UKce3rbi3bfstbvvyne34c1dvyv unique (product_id)
2025-06-16 21:07:03 - 
    alter table if exists users 
       drop constraint if exists UK6dotkott2kjsp8vw4d0m25fb7
Hibernate: 
    alter table if exists users 
       drop constraint if exists UK6dotkott2kjsp8vw4d0m25fb7
2025-06-16 21:07:03 - 
    alter table if exists users 
       add constraint UK6dotkott2kjsp8vw4d0m25fb7 unique (email)
Hibernate: 
    alter table if exists users 
       add constraint UK6dotkott2kjsp8vw4d0m25fb7 unique (email)
2025-06-16 21:07:03 - 
    alter table if exists users 
       drop constraint if exists UKr43af9ap4edm43mmtq01oddj6
Hibernate: 
    alter table if exists users 
       drop constraint if exists UKr43af9ap4edm43mmtq01oddj6
2025-06-16 21:07:03 - 
    alter table if exists users 
       add constraint UKr43af9ap4edm43mmtq01oddj6 unique (username)
Hibernate: 
    alter table if exists users 
       add constraint UKr43af9ap4edm43mmtq01oddj6 unique (username)
2025-06-16 21:07:03 - 
    alter table if exists inventory 
       add constraint FKq2yge7ebtfuvwufr6lwfwqy9l 
       foreign key (product_id) 
       references products
Hibernate: 
    alter table if exists inventory 
       add constraint FKq2yge7ebtfuvwufr6lwfwqy9l 
       foreign key (product_id) 
       references products
2025-06-16 21:07:03 - 
    alter table if exists product_features 
       add constraint FKd2x1ygsefpn2v5gjett1skhsr 
       foreign key (product_id) 
       references products
Hibernate: 
    alter table if exists product_features 
       add constraint FKd2x1ygsefpn2v5gjett1skhsr 
       foreign key (product_id) 
       references products
2025-06-16 21:07:03 - 
    alter table if exists product_images 
       add constraint FKqnq71xsohugpqwf3c9gxmsuy 
       foreign key (product_id) 
       references products
Hibernate: 
    alter table if exists product_images 
       add constraint FKqnq71xsohugpqwf3c9gxmsuy 
       foreign key (product_id) 
       references products
2025-06-16 21:07:03 - 
    alter table if exists products 
       add constraint FKog2rp4qthbtt2lfyhfo32lsw9 
       foreign key (category_id) 
       references categories
Hibernate: 
    alter table if exists products 
       add constraint FKog2rp4qthbtt2lfyhfo32lsw9 
       foreign key (category_id) 
       references categories
2025-06-16 21:07:03 - Initialized JPA EntityManagerFactory for persistence unit 'default'
2025-06-16 21:07:03 - Hibernate is in classpath; If applicable, HQL parser will be used.
2025-06-16 21:07:04 - Global AuthenticationManager configured with AuthenticationProvider bean with name authenticationProvider
2025-06-16 21:07:04 - Global AuthenticationManager configured with an AuthenticationProvider bean. UserDetailsService beans will not be used by Spring Security for automatically configuring username/password login. Consider removing the AuthenticationProvider bean. Alternatively, consider using the UserDetailsService in a manually instantiated DaoAuthenticationProvider. If the current configuration is intentional, to turn off this warning, increase the logging level of 'org.springframework.security.config.annotation.authentication.configuration.InitializeUserDetailsBeanManagerConfigurer' to ERROR
2025-06-16 21:07:05 - spring.jpa.open-in-view is enabled by default. Therefore, database queries may be performed during view rendering. Explicitly configure spring.jpa.open-in-view to disable this warning
2025-06-16 21:07:05 - Adding welcome page: class path resource [static/index.html]
2025-06-16 21:07:05 - Will secure any request with filters: DisableEncodeUrlFilter, WebAsyncManagerIntegrationFilter, SecurityContextHolderFilter, HeaderWriterFilter, CorsFilter, LogoutFilter, RateLimitingFilter, JwtAuthenticationFilter, RequestCacheAwareFilter, SecurityContextHolderAwareRequestFilter, AnonymousAuthenticationFilter, SessionManagementFilter, ExceptionTranslationFilter, AuthorizationFilter
2025-06-16 21:07:05 - Unable to load io.netty.resolver.dns.macos.MacOSDnsServerAddressStreamProvider, fallback to system defaults. This may result in incorrect DNS resolutions on MacOS. Check whether you have a dependency on 'io.netty:netty-resolver-dns-native-macos'. Use DEBUG level to see the full stack: java.lang.UnsatisfiedLinkError: failed to load the required native library
2025-06-16 21:07:06 - H2 console available at '/h2-console'. Database available at 'jdbc:h2:mem:testdb'
2025-06-16 21:07:06 - LiveReload server is running on port 35729
2025-06-16 21:07:06 - Tomcat started on port 8080 (http) with context path '/'
2025-06-16 21:07:06 - Started LiquorStoreAppApplication in 4.477 seconds (process running for 4.685)
2025-06-16 21:07:06 - 
    select
        u1_0.id 
    from
        users u1_0 
    where
        u1_0.username=? 
    fetch
        first ? rows only
Hibernate: 
    select
        u1_0.id 
    from
        users u1_0 
    where
        u1_0.username=? 
    fetch
        first ? rows only
2025-06-16 21:07:06 - 
    insert 
    into
        users
        (account_non_expired, account_non_locked, created_at, credentials_non_expired, email, enabled, failed_login_attempts, first_name, last_login, last_name, password, phone_number, role, updated_at, username, id) 
    values
        (?, ?, ?, ?, ?, ?, ?, ?, ?, ?, ?, ?, ?, ?, ?, default)
Hibernate: 
    insert 
    into
        users
        (account_non_expired, account_non_locked, created_at, credentials_non_expired, email, enabled, failed_login_attempts, first_name, last_login, last_name, password, phone_number, role, updated_at, username, id) 
    values
        (?, ?, ?, ?, ?, ?, ?, ?, ?, ?, ?, ?, ?, ?, ?, default)
Default admin user created: admin / Admin@123456
2025-06-16 21:07:06 - 
    select
        count(*) 
    from
        products p1_0
Hibernate: 
    select
        count(*) 
    from
        products p1_0
2025-06-16 21:07:06 - 
    insert 
    into
        categories
        (active, created_at, description, display_order, icon, name, updated_at, id) 
    values
        (?, ?, ?, ?, ?, ?, ?, default)
Hibernate: 
    insert 
    into
        categories
        (active, created_at, description, display_order, icon, name, updated_at, id) 
    values
        (?, ?, ?, ?, ?, ?, ?, default)
2025-06-16 21:07:06 - 
    insert 
    into
        categories
        (active, created_at, description, display_order, icon, name, updated_at, id) 
    values
        (?, ?, ?, ?, ?, ?, ?, default)
Hibernate: 
    insert 
    into
        categories
        (active, created_at, description, display_order, icon, name, updated_at, id) 
    values
        (?, ?, ?, ?, ?, ?, ?, default)
2025-06-16 21:07:06 - 
    insert 
    into
        categories
        (active, created_at, description, display_order, icon, name, updated_at, id) 
    values
        (?, ?, ?, ?, ?, ?, ?, default)
Hibernate: 
    insert 
    into
        categories
        (active, created_at, description, display_order, icon, name, updated_at, id) 
    values
        (?, ?, ?, ?, ?, ?, ?, default)
2025-06-16 21:07:06 - 
    insert 
    into
        products
        (active, age, alcohol, category_id, created_at, description, distillery, featured, in_stock, name, original_price, price, primary_image_url, rating, region, reviews, type, updated_at, vintage, id) 
    values
        (?, ?, ?, ?, ?, ?, ?, ?, ?, ?, ?, ?, ?, ?, ?, ?, ?, ?, ?, default)
Hibernate: 
    insert 
    into
        products
        (active, age, alcohol, category_id, created_at, description, distillery, featured, in_stock, name, original_price, price, primary_image_url, rating, region, reviews, type, updated_at, vintage, id) 
    values
        (?, ?, ?, ?, ?, ?, ?, ?, ?, ?, ?, ?, ?, ?, ?, ?, ?, ?, ?, default)
2025-06-16 21:07:07 - 
    insert 
    into
        products
        (active, age, alcohol, category_id, created_at, description, distillery, featured, in_stock, name, original_price, price, primary_image_url, rating, region, reviews, type, updated_at, vintage, id) 
    values
        (?, ?, ?, ?, ?, ?, ?, ?, ?, ?, ?, ?, ?, ?, ?, ?, ?, ?, ?, default)
Hibernate: 
    insert 
    into
        products
        (active, age, alcohol, category_id, created_at, description, distillery, featured, in_stock, name, original_price, price, primary_image_url, rating, region, reviews, type, updated_at, vintage, id) 
    values
        (?, ?, ?, ?, ?, ?, ?, ?, ?, ?, ?, ?, ?, ?, ?, ?, ?, ?, ?, default)
2025-06-16 21:07:07 - 
    insert 
    into
        products
        (active, age, alcohol, category_id, created_at, description, distillery, featured, in_stock, name, original_price, price, primary_image_url, rating, region, reviews, type, updated_at, vintage, id) 
    values
        (?, ?, ?, ?, ?, ?, ?, ?, ?, ?, ?, ?, ?, ?, ?, ?, ?, ?, ?, default)
Hibernate: 
    insert 
    into
        products
        (active, age, alcohol, category_id, created_at, description, distillery, featured, in_stock, name, original_price, price, primary_image_url, rating, region, reviews, type, updated_at, vintage, id) 
    values
        (?, ?, ?, ?, ?, ?, ?, ?, ?, ?, ?, ?, ?, ?, ?, ?, ?, ?, ?, default)
2025-06-16 21:07:07 - 
    insert 
    into
        products
        (active, age, alcohol, category_id, created_at, description, distillery, featured, in_stock, name, original_price, price, primary_image_url, rating, region, reviews, type, updated_at, vintage, id) 
    values
        (?, ?, ?, ?, ?, ?, ?, ?, ?, ?, ?, ?, ?, ?, ?, ?, ?, ?, ?, default)
Hibernate: 
    insert 
    into
        products
        (active, age, alcohol, category_id, created_at, description, distillery, featured, in_stock, name, original_price, price, primary_image_url, rating, region, reviews, type, updated_at, vintage, id) 
    values
        (?, ?, ?, ?, ?, ?, ?, ?, ?, ?, ?, ?, ?, ?, ?, ?, ?, ?, ?, default)
2025-06-16 21:07:07 - 
    insert 
    into
        products
        (active, age, alcohol, category_id, created_at, description, distillery, featured, in_stock, name, original_price, price, primary_image_url, rating, region, reviews, type, updated_at, vintage, id) 
    values
        (?, ?, ?, ?, ?, ?, ?, ?, ?, ?, ?, ?, ?, ?, ?, ?, ?, ?, ?, default)
Hibernate: 
    insert 
    into
        products
        (active, age, alcohol, category_id, created_at, description, distillery, featured, in_stock, name, original_price, price, primary_image_url, rating, region, reviews, type, updated_at, vintage, id) 
    values
        (?, ?, ?, ?, ?, ?, ?, ?, ?, ?, ?, ?, ?, ?, ?, ?, ?, ?, ?, default)
2025-06-16 21:07:07 - 
    insert 
    into
        products
        (active, age, alcohol, category_id, created_at, description, distillery, featured, in_stock, name, original_price, price, primary_image_url, rating, region, reviews, type, updated_at, vintage, id) 
    values
        (?, ?, ?, ?, ?, ?, ?, ?, ?, ?, ?, ?, ?, ?, ?, ?, ?, ?, ?, default)
Hibernate: 
    insert 
    into
        products
        (active, age, alcohol, category_id, created_at, description, distillery, featured, in_stock, name, original_price, price, primary_image_url, rating, region, reviews, type, updated_at, vintage, id) 
    values
        (?, ?, ?, ?, ?, ?, ?, ?, ?, ?, ?, ?, ?, ?, ?, ?, ?, ?, ?, default)
2025-06-16 21:07:07 - 
    insert 
    into
        products
        (active, age, alcohol, category_id, created_at, description, distillery, featured, in_stock, name, original_price, price, primary_image_url, rating, region, reviews, type, updated_at, vintage, id) 
    values
        (?, ?, ?, ?, ?, ?, ?, ?, ?, ?, ?, ?, ?, ?, ?, ?, ?, ?, ?, default)
Hibernate: 
    insert 
    into
        products
        (active, age, alcohol, category_id, created_at, description, distillery, featured, in_stock, name, original_price, price, primary_image_url, rating, region, reviews, type, updated_at, vintage, id) 
    values
        (?, ?, ?, ?, ?, ?, ?, ?, ?, ?, ?, ?, ?, ?, ?, ?, ?, ?, ?, default)
2025-06-16 21:07:07 - 
    insert 
    into
        products
        (active, age, alcohol, category_id, created_at, description, distillery, featured, in_stock, name, original_price, price, primary_image_url, rating, region, reviews, type, updated_at, vintage, id) 
    values
        (?, ?, ?, ?, ?, ?, ?, ?, ?, ?, ?, ?, ?, ?, ?, ?, ?, ?, ?, default)
Hibernate: 
    insert 
    into
        products
        (active, age, alcohol, category_id, created_at, description, distillery, featured, in_stock, name, original_price, price, primary_image_url, rating, region, reviews, type, updated_at, vintage, id) 
    values
        (?, ?, ?, ?, ?, ?, ?, ?, ?, ?, ?, ?, ?, ?, ?, ?, ?, ?, ?, default)
2025-06-16 21:07:07 - 
    insert 
    into
        products
        (active, age, alcohol, category_id, created_at, description, distillery, featured, in_stock, name, original_price, price, primary_image_url, rating, region, reviews, type, updated_at, vintage, id) 
    values
        (?, ?, ?, ?, ?, ?, ?, ?, ?, ?, ?, ?, ?, ?, ?, ?, ?, ?, ?, default)
Hibernate: 
    insert 
    into
        products
        (active, age, alcohol, category_id, created_at, description, distillery, featured, in_stock, name, original_price, price, primary_image_url, rating, region, reviews, type, updated_at, vintage, id) 
    values
        (?, ?, ?, ?, ?, ?, ?, ?, ?, ?, ?, ?, ?, ?, ?, ?, ?, ?, ?, default)
2025-06-16 21:07:07 - 
    insert 
    into
        products
        (active, age, alcohol, category_id, created_at, description, distillery, featured, in_stock, name, original_price, price, primary_image_url, rating, region, reviews, type, updated_at, vintage, id) 
    values
        (?, ?, ?, ?, ?, ?, ?, ?, ?, ?, ?, ?, ?, ?, ?, ?, ?, ?, ?, default)
Hibernate: 
    insert 
    into
        products
        (active, age, alcohol, category_id, created_at, description, distillery, featured, in_stock, name, original_price, price, primary_image_url, rating, region, reviews, type, updated_at, vintage, id) 
    values
        (?, ?, ?, ?, ?, ?, ?, ?, ?, ?, ?, ?, ?, ?, ?, ?, ?, ?, ?, default)
2025-06-16 21:07:07 - 
    insert 
    into
        products
        (active, age, alcohol, category_id, created_at, description, distillery, featured, in_stock, name, original_price, price, primary_image_url, rating, region, reviews, type, updated_at, vintage, id) 
    values
        (?, ?, ?, ?, ?, ?, ?, ?, ?, ?, ?, ?, ?, ?, ?, ?, ?, ?, ?, default)
Hibernate: 
    insert 
    into
        products
        (active, age, alcohol, category_id, created_at, description, distillery, featured, in_stock, name, original_price, price, primary_image_url, rating, region, reviews, type, updated_at, vintage, id) 
    values
        (?, ?, ?, ?, ?, ?, ?, ?, ?, ?, ?, ?, ?, ?, ?, ?, ?, ?, ?, default)
2025-06-16 21:07:07 - 
    insert 
    into
        products
        (active, age, alcohol, category_id, created_at, description, distillery, featured, in_stock, name, original_price, price, primary_image_url, rating, region, reviews, type, updated_at, vintage, id) 
    values
        (?, ?, ?, ?, ?, ?, ?, ?, ?, ?, ?, ?, ?, ?, ?, ?, ?, ?, ?, default)
Hibernate: 
    insert 
    into
        products
        (active, age, alcohol, category_id, created_at, description, distillery, featured, in_stock, name, original_price, price, primary_image_url, rating, region, reviews, type, updated_at, vintage, id) 
    values
        (?, ?, ?, ?, ?, ?, ?, ?, ?, ?, ?, ?, ?, ?, ?, ?, ?, ?, ?, default)
Sample products initialized for search testing
2025-06-16 21:07:10 - Initializing Spring DispatcherServlet 'dispatcherServlet'
2025-06-16 21:07:10 - Initializing Servlet 'dispatcherServlet'
2025-06-16 21:07:10 - Completed initialization in 1 ms
2025-06-16 21:07:10 - Securing GET /
2025-06-16 21:07:10 - Set SecurityContextHolder to anonymous SecurityContext
2025-06-16 21:07:10 - Secured GET /
2025-06-16 21:07:10 - Securing GET /index.html
2025-06-16 21:07:10 - Secured GET /index.html
2025-06-16 21:09:50 - Securing GET /
2025-06-16 21:09:50 - Set SecurityContextHolder to anonymous SecurityContext
2025-06-16 21:09:50 - Secured GET /
2025-06-16 21:09:50 - Securing GET /index.html
2025-06-16 21:09:50 - Secured GET /index.html
2025-06-16 21:09:50 - Securing GET /static/css/main.3be2bcd9.css
2025-06-16 21:09:50 - Set SecurityContextHolder to anonymous SecurityContext
2025-06-16 21:09:50 - Securing GET /static/js/main.d797dc81.js
2025-06-16 21:09:50 - Set SecurityContextHolder to anonymous SecurityContext
2025-06-16 21:09:50 - Secured GET /static/css/main.3be2bcd9.css
2025-06-16 21:09:50 - Secured GET /static/js/main.d797dc81.js
2025-06-16 21:09:50 - Securing GET /manifest.json
2025-06-16 21:09:50 - Set SecurityContextHolder to anonymous SecurityContext
2025-06-16 21:09:50 - Secured GET /manifest.json
2025-06-16 21:09:50 - Securing GET /logo192.png
2025-06-16 21:09:50 - Set SecurityContextHolder to anonymous SecurityContext
2025-06-16 21:09:50 - Secured GET /logo192.png
2025-06-16 21:09:59 - Securing GET /api/products/search?q=m
2025-06-16 21:09:59 - Set SecurityContextHolder to anonymous SecurityContext
2025-06-16 21:09:59 - Secured GET /api/products/search?q=m
2025-06-16 21:10:00 - 
    select
        p1_0.id,
        p1_0.active,
        p1_0.age,
        p1_0.alcohol,
        p1_0.category_id,
        p1_0.created_at,
        p1_0.description,
        p1_0.distillery,
        p1_0.featured,
        p1_0.in_stock,
        p1_0.name,
        p1_0.original_price,
        p1_0.price,
        p1_0.primary_image_url,
        p1_0.rating,
        p1_0.region,
        p1_0.reviews,
        p1_0.type,
        p1_0.updated_at,
        p1_0.vintage 
    from
        products p1_0 
    where
        p1_0.active=true 
        and (
            lower(p1_0.name) like lower(('%'||?||'%')) escape '' 
            or lower(p1_0.description) like lower(('%'||?||'%')) escape '' 
            or lower(p1_0.distillery) like lower(('%'||?||'%')) escape ''
        )
Hibernate: 
    select
        p1_0.id,
        p1_0.active,
        p1_0.age,
        p1_0.alcohol,
        p1_0.category_id,
        p1_0.created_at,
        p1_0.description,
        p1_0.distillery,
        p1_0.featured,
        p1_0.in_stock,
        p1_0.name,
        p1_0.original_price,
        p1_0.price,
        p1_0.primary_image_url,
        p1_0.rating,
        p1_0.region,
        p1_0.reviews,
        p1_0.type,
        p1_0.updated_at,
        p1_0.vintage 
    from
        products p1_0 
    where
        p1_0.active=true 
        and (
            lower(p1_0.name) like lower(('%'||?||'%')) escape '' 
            or lower(p1_0.description) like lower(('%'||?||'%')) escape '' 
            or lower(p1_0.distillery) like lower(('%'||?||'%')) escape ''
        )
2025-06-16 21:10:00 - 
    select
        i1_0.id,
        i1_0.available_quantity,
        i1_0.created_at,
        i1_0.last_restocked_at,
        i1_0.low_stock_alert,
        i1_0.minimum_stock,
        i1_0.product_id,
        i1_0.reserved_quantity,
        i1_0.total_quantity,
        i1_0.updated_at 
    from
        inventory i1_0 
    where
        i1_0.product_id=?
Hibernate: 
    select
        i1_0.id,
        i1_0.available_quantity,
        i1_0.created_at,
        i1_0.last_restocked_at,
        i1_0.low_stock_alert,
        i1_0.minimum_stock,
        i1_0.product_id,
        i1_0.reserved_quantity,
        i1_0.total_quantity,
        i1_0.updated_at 
    from
        inventory i1_0 
    where
        i1_0.product_id=?
2025-06-16 21:10:00 - 
    select
        i1_0.id,
        i1_0.available_quantity,
        i1_0.created_at,
        i1_0.last_restocked_at,
        i1_0.low_stock_alert,
        i1_0.minimum_stock,
        i1_0.product_id,
        i1_0.reserved_quantity,
        i1_0.total_quantity,
        i1_0.updated_at 
    from
        inventory i1_0 
    where
        i1_0.product_id=?
Hibernate: 
    select
        i1_0.id,
        i1_0.available_quantity,
        i1_0.created_at,
        i1_0.last_restocked_at,
        i1_0.low_stock_alert,
        i1_0.minimum_stock,
        i1_0.product_id,
        i1_0.reserved_quantity,
        i1_0.total_quantity,
        i1_0.updated_at 
    from
        inventory i1_0 
    where
        i1_0.product_id=?
2025-06-16 21:10:00 - 
    select
        i1_0.id,
        i1_0.available_quantity,
        i1_0.created_at,
        i1_0.last_restocked_at,
        i1_0.low_stock_alert,
        i1_0.minimum_stock,
        i1_0.product_id,
        i1_0.reserved_quantity,
        i1_0.total_quantity,
        i1_0.updated_at 
    from
        inventory i1_0 
    where
        i1_0.product_id=?
Hibernate: 
    select
        i1_0.id,
        i1_0.available_quantity,
        i1_0.created_at,
        i1_0.last_restocked_at,
        i1_0.low_stock_alert,
        i1_0.minimum_stock,
        i1_0.product_id,
        i1_0.reserved_quantity,
        i1_0.total_quantity,
        i1_0.updated_at 
    from
        inventory i1_0 
    where
        i1_0.product_id=?
2025-06-16 21:10:00 - 
    select
        i1_0.id,
        i1_0.available_quantity,
        i1_0.created_at,
        i1_0.last_restocked_at,
        i1_0.low_stock_alert,
        i1_0.minimum_stock,
        i1_0.product_id,
        i1_0.reserved_quantity,
        i1_0.total_quantity,
        i1_0.updated_at 
    from
        inventory i1_0 
    where
        i1_0.product_id=?
Hibernate: 
    select
        i1_0.id,
        i1_0.available_quantity,
        i1_0.created_at,
        i1_0.last_restocked_at,
        i1_0.low_stock_alert,
        i1_0.minimum_stock,
        i1_0.product_id,
        i1_0.reserved_quantity,
        i1_0.total_quantity,
        i1_0.updated_at 
    from
        inventory i1_0 
    where
        i1_0.product_id=?
2025-06-16 21:10:00 - 
    select
        i1_0.id,
        i1_0.available_quantity,
        i1_0.created_at,
        i1_0.last_restocked_at,
        i1_0.low_stock_alert,
        i1_0.minimum_stock,
        i1_0.product_id,
        i1_0.reserved_quantity,
        i1_0.total_quantity,
        i1_0.updated_at 
    from
        inventory i1_0 
    where
        i1_0.product_id=?
Hibernate: 
    select
        i1_0.id,
        i1_0.available_quantity,
        i1_0.created_at,
        i1_0.last_restocked_at,
        i1_0.low_stock_alert,
        i1_0.minimum_stock,
        i1_0.product_id,
        i1_0.reserved_quantity,
        i1_0.total_quantity,
        i1_0.updated_at 
    from
        inventory i1_0 
    where
        i1_0.product_id=?
2025-06-16 21:10:00 - 
    select
        i1_0.id,
        i1_0.available_quantity,
        i1_0.created_at,
        i1_0.last_restocked_at,
        i1_0.low_stock_alert,
        i1_0.minimum_stock,
        i1_0.product_id,
        i1_0.reserved_quantity,
        i1_0.total_quantity,
        i1_0.updated_at 
    from
        inventory i1_0 
    where
        i1_0.product_id=?
Hibernate: 
    select
        i1_0.id,
        i1_0.available_quantity,
        i1_0.created_at,
        i1_0.last_restocked_at,
        i1_0.low_stock_alert,
        i1_0.minimum_stock,
        i1_0.product_id,
        i1_0.reserved_quantity,
        i1_0.total_quantity,
        i1_0.updated_at 
    from
        inventory i1_0 
    where
        i1_0.product_id=?
2025-06-16 21:10:00 - 
    select
        i1_0.id,
        i1_0.available_quantity,
        i1_0.created_at,
        i1_0.last_restocked_at,
        i1_0.low_stock_alert,
        i1_0.minimum_stock,
        i1_0.product_id,
        i1_0.reserved_quantity,
        i1_0.total_quantity,
        i1_0.updated_at 
    from
        inventory i1_0 
    where
        i1_0.product_id=?
Hibernate: 
    select
        i1_0.id,
        i1_0.available_quantity,
        i1_0.created_at,
        i1_0.last_restocked_at,
        i1_0.low_stock_alert,
        i1_0.minimum_stock,
        i1_0.product_id,
        i1_0.reserved_quantity,
        i1_0.total_quantity,
        i1_0.updated_at 
    from
        inventory i1_0 
    where
        i1_0.product_id=?
2025-06-16 21:10:00 - 
    select
        i1_0.id,
        i1_0.available_quantity,
        i1_0.created_at,
        i1_0.last_restocked_at,
        i1_0.low_stock_alert,
        i1_0.minimum_stock,
        i1_0.product_id,
        i1_0.reserved_quantity,
        i1_0.total_quantity,
        i1_0.updated_at 
    from
        inventory i1_0 
    where
        i1_0.product_id=?
Hibernate: 
    select
        i1_0.id,
        i1_0.available_quantity,
        i1_0.created_at,
        i1_0.last_restocked_at,
        i1_0.low_stock_alert,
        i1_0.minimum_stock,
        i1_0.product_id,
        i1_0.reserved_quantity,
        i1_0.total_quantity,
        i1_0.updated_at 
    from
        inventory i1_0 
    where
        i1_0.product_id=?
2025-06-16 21:10:00 - 
    select
        i1_0.id,
        i1_0.available_quantity,
        i1_0.created_at,
        i1_0.last_restocked_at,
        i1_0.low_stock_alert,
        i1_0.minimum_stock,
        i1_0.product_id,
        i1_0.reserved_quantity,
        i1_0.total_quantity,
        i1_0.updated_at 
    from
        inventory i1_0 
    where
        i1_0.product_id=?
Hibernate: 
    select
        i1_0.id,
        i1_0.available_quantity,
        i1_0.created_at,
        i1_0.last_restocked_at,
        i1_0.low_stock_alert,
        i1_0.minimum_stock,
        i1_0.product_id,
        i1_0.reserved_quantity,
        i1_0.total_quantity,
        i1_0.updated_at 
    from
        inventory i1_0 
    where
        i1_0.product_id=?
2025-06-16 21:10:00 - 
    select
        i1_0.id,
        i1_0.available_quantity,
        i1_0.created_at,
        i1_0.last_restocked_at,
        i1_0.low_stock_alert,
        i1_0.minimum_stock,
        i1_0.product_id,
        i1_0.reserved_quantity,
        i1_0.total_quantity,
        i1_0.updated_at 
    from
        inventory i1_0 
    where
        i1_0.product_id=?
Hibernate: 
    select
        i1_0.id,
        i1_0.available_quantity,
        i1_0.created_at,
        i1_0.last_restocked_at,
        i1_0.low_stock_alert,
        i1_0.minimum_stock,
        i1_0.product_id,
        i1_0.reserved_quantity,
        i1_0.total_quantity,
        i1_0.updated_at 
    from
        inventory i1_0 
    where
        i1_0.product_id=?
2025-06-16 21:10:00 - 
    select
        c1_0.id,
        c1_0.active,
        c1_0.created_at,
        c1_0.description,
        c1_0.display_order,
        c1_0.icon,
        c1_0.name,
        c1_0.updated_at 
    from
        categories c1_0 
    where
        c1_0.id=?
Hibernate: 
    select
        c1_0.id,
        c1_0.active,
        c1_0.created_at,
        c1_0.description,
        c1_0.display_order,
        c1_0.icon,
        c1_0.name,
        c1_0.updated_at 
    from
        categories c1_0 
    where
        c1_0.id=?
2025-06-16 21:10:00 - 
    select
        c1_0.id,
        c1_0.active,
        c1_0.created_at,
        c1_0.description,
        c1_0.display_order,
        c1_0.icon,
        c1_0.name,
        c1_0.updated_at 
    from
        categories c1_0 
    where
        c1_0.id=?
Hibernate: 
    select
        c1_0.id,
        c1_0.active,
        c1_0.created_at,
        c1_0.description,
        c1_0.display_order,
        c1_0.icon,
        c1_0.name,
        c1_0.updated_at 
    from
        categories c1_0 
    where
        c1_0.id=?
2025-06-16 21:10:00 - 
    select
        c1_0.id,
        c1_0.active,
        c1_0.created_at,
        c1_0.description,
        c1_0.display_order,
        c1_0.icon,
        c1_0.name,
        c1_0.updated_at 
    from
        categories c1_0 
    where
        c1_0.id=?
Hibernate: 
    select
        c1_0.id,
        c1_0.active,
        c1_0.created_at,
        c1_0.description,
        c1_0.display_order,
        c1_0.icon,
        c1_0.name,
        c1_0.updated_at 
    from
        categories c1_0 
    where
        c1_0.id=?
2025-06-16 21:10:00 - 
    select
        f1_0.product_id,
        f1_0.feature 
    from
        product_features f1_0 
    where
        f1_0.product_id=?
Hibernate: 
    select
        f1_0.product_id,
        f1_0.feature 
    from
        product_features f1_0 
    where
        f1_0.product_id=?
2025-06-16 21:10:00 - 
    select
        iu1_0.product_id,
        iu1_0.image_url 
    from
        product_images iu1_0 
    where
        iu1_0.product_id=?
Hibernate: 
    select
        iu1_0.product_id,
        iu1_0.image_url 
    from
        product_images iu1_0 
    where
        iu1_0.product_id=?
2025-06-16 21:10:00 - 
    select
        f1_0.product_id,
        f1_0.feature 
    from
        product_features f1_0 
    where
        f1_0.product_id=?
Hibernate: 
    select
        f1_0.product_id,
        f1_0.feature 
    from
        product_features f1_0 
    where
        f1_0.product_id=?
2025-06-16 21:10:00 - 
    select
        iu1_0.product_id,
        iu1_0.image_url 
    from
        product_images iu1_0 
    where
        iu1_0.product_id=?
Hibernate: 
    select
        iu1_0.product_id,
        iu1_0.image_url 
    from
        product_images iu1_0 
    where
        iu1_0.product_id=?
2025-06-16 21:10:00 - 
    select
        f1_0.product_id,
        f1_0.feature 
    from
        product_features f1_0 
    where
        f1_0.product_id=?
Hibernate: 
    select
        f1_0.product_id,
        f1_0.feature 
    from
        product_features f1_0 
    where
        f1_0.product_id=?
2025-06-16 21:10:00 - 
    select
        iu1_0.product_id,
        iu1_0.image_url 
    from
        product_images iu1_0 
    where
        iu1_0.product_id=?
Hibernate: 
    select
        iu1_0.product_id,
        iu1_0.image_url 
    from
        product_images iu1_0 
    where
        iu1_0.product_id=?
2025-06-16 21:10:00 - 
    select
        f1_0.product_id,
        f1_0.feature 
    from
        product_features f1_0 
    where
        f1_0.product_id=?
Hibernate: 
    select
        f1_0.product_id,
        f1_0.feature 
    from
        product_features f1_0 
    where
        f1_0.product_id=?
2025-06-16 21:10:00 - 
    select
        iu1_0.product_id,
        iu1_0.image_url 
    from
        product_images iu1_0 
    where
        iu1_0.product_id=?
Hibernate: 
    select
        iu1_0.product_id,
        iu1_0.image_url 
    from
        product_images iu1_0 
    where
        iu1_0.product_id=?
2025-06-16 21:10:00 - 
    select
        f1_0.product_id,
        f1_0.feature 
    from
        product_features f1_0 
    where
        f1_0.product_id=?
Hibernate: 
    select
        f1_0.product_id,
        f1_0.feature 
    from
        product_features f1_0 
    where
        f1_0.product_id=?
2025-06-16 21:10:00 - 
    select
        iu1_0.product_id,
        iu1_0.image_url 
    from
        product_images iu1_0 
    where
        iu1_0.product_id=?
Hibernate: 
    select
        iu1_0.product_id,
        iu1_0.image_url 
    from
        product_images iu1_0 
    where
        iu1_0.product_id=?
2025-06-16 21:10:00 - 
    select
        f1_0.product_id,
        f1_0.feature 
    from
        product_features f1_0 
    where
        f1_0.product_id=?
Hibernate: 
    select
        f1_0.product_id,
        f1_0.feature 
    from
        product_features f1_0 
    where
        f1_0.product_id=?
2025-06-16 21:10:00 - 
    select
        iu1_0.product_id,
        iu1_0.image_url 
    from
        product_images iu1_0 
    where
        iu1_0.product_id=?
Hibernate: 
    select
        iu1_0.product_id,
        iu1_0.image_url 
    from
        product_images iu1_0 
    where
        iu1_0.product_id=?
2025-06-16 21:10:00 - 
    select
        f1_0.product_id,
        f1_0.feature 
    from
        product_features f1_0 
    where
        f1_0.product_id=?
Hibernate: 
    select
        f1_0.product_id,
        f1_0.feature 
    from
        product_features f1_0 
    where
        f1_0.product_id=?
2025-06-16 21:10:00 - 
    select
        iu1_0.product_id,
        iu1_0.image_url 
    from
        product_images iu1_0 
    where
        iu1_0.product_id=?
Hibernate: 
    select
        iu1_0.product_id,
        iu1_0.image_url 
    from
        product_images iu1_0 
    where
        iu1_0.product_id=?
2025-06-16 21:10:00 - 
    select
        f1_0.product_id,
        f1_0.feature 
    from
        product_features f1_0 
    where
        f1_0.product_id=?
Hibernate: 
    select
        f1_0.product_id,
        f1_0.feature 
    from
        product_features f1_0 
    where
        f1_0.product_id=?
2025-06-16 21:10:00 - 
    select
        iu1_0.product_id,
        iu1_0.image_url 
    from
        product_images iu1_0 
    where
        iu1_0.product_id=?
Hibernate: 
    select
        iu1_0.product_id,
        iu1_0.image_url 
    from
        product_images iu1_0 
    where
        iu1_0.product_id=?
2025-06-16 21:10:00 - 
    select
        f1_0.product_id,
        f1_0.feature 
    from
        product_features f1_0 
    where
        f1_0.product_id=?
Hibernate: 
    select
        f1_0.product_id,
        f1_0.feature 
    from
        product_features f1_0 
    where
        f1_0.product_id=?
2025-06-16 21:10:00 - 
    select
        iu1_0.product_id,
        iu1_0.image_url 
    from
        product_images iu1_0 
    where
        iu1_0.product_id=?
Hibernate: 
    select
        iu1_0.product_id,
        iu1_0.image_url 
    from
        product_images iu1_0 
    where
        iu1_0.product_id=?
2025-06-16 21:10:00 - 
    select
        f1_0.product_id,
        f1_0.feature 
    from
        product_features f1_0 
    where
        f1_0.product_id=?
Hibernate: 
    select
        f1_0.product_id,
        f1_0.feature 
    from
        product_features f1_0 
    where
        f1_0.product_id=?
2025-06-16 21:10:00 - 
    select
        iu1_0.product_id,
        iu1_0.image_url 
    from
        product_images iu1_0 
    where
        iu1_0.product_id=?
Hibernate: 
    select
        iu1_0.product_id,
        iu1_0.image_url 
    from
        product_images iu1_0 
    where
        iu1_0.product_id=?
2025-06-16 21:10:00 - Securing GET /api/products/search?q=ma
2025-06-16 21:10:00 - Set SecurityContextHolder to anonymous SecurityContext
2025-06-16 21:10:00 - Secured GET /api/products/search?q=ma
2025-06-16 21:10:00 - 
    select
        p1_0.id,
        p1_0.active,
        p1_0.age,
        p1_0.alcohol,
        p1_0.category_id,
        p1_0.created_at,
        p1_0.description,
        p1_0.distillery,
        p1_0.featured,
        p1_0.in_stock,
        p1_0.name,
        p1_0.original_price,
        p1_0.price,
        p1_0.primary_image_url,
        p1_0.rating,
        p1_0.region,
        p1_0.reviews,
        p1_0.type,
        p1_0.updated_at,
        p1_0.vintage 
    from
        products p1_0 
    where
        p1_0.active=true 
        and (
            lower(p1_0.name) like lower(('%'||?||'%')) escape '' 
            or lower(p1_0.description) like lower(('%'||?||'%')) escape '' 
            or lower(p1_0.distillery) like lower(('%'||?||'%')) escape ''
        )
Hibernate: 
    select
        p1_0.id,
        p1_0.active,
        p1_0.age,
        p1_0.alcohol,
        p1_0.category_id,
        p1_0.created_at,
        p1_0.description,
        p1_0.distillery,
        p1_0.featured,
        p1_0.in_stock,
        p1_0.name,
        p1_0.original_price,
        p1_0.price,
        p1_0.primary_image_url,
        p1_0.rating,
        p1_0.region,
        p1_0.reviews,
        p1_0.type,
        p1_0.updated_at,
        p1_0.vintage 
    from
        products p1_0 
    where
        p1_0.active=true 
        and (
            lower(p1_0.name) like lower(('%'||?||'%')) escape '' 
            or lower(p1_0.description) like lower(('%'||?||'%')) escape '' 
            or lower(p1_0.distillery) like lower(('%'||?||'%')) escape ''
        )
2025-06-16 21:10:00 - 
    select
        i1_0.id,
        i1_0.available_quantity,
        i1_0.created_at,
        i1_0.last_restocked_at,
        i1_0.low_stock_alert,
        i1_0.minimum_stock,
        i1_0.product_id,
        i1_0.reserved_quantity,
        i1_0.total_quantity,
        i1_0.updated_at 
    from
        inventory i1_0 
    where
        i1_0.product_id=?
Hibernate: 
    select
        i1_0.id,
        i1_0.available_quantity,
        i1_0.created_at,
        i1_0.last_restocked_at,
        i1_0.low_stock_alert,
        i1_0.minimum_stock,
        i1_0.product_id,
        i1_0.reserved_quantity,
        i1_0.total_quantity,
        i1_0.updated_at 
    from
        inventory i1_0 
    where
        i1_0.product_id=?
2025-06-16 21:10:00 - 
    select
        i1_0.id,
        i1_0.available_quantity,
        i1_0.created_at,
        i1_0.last_restocked_at,
        i1_0.low_stock_alert,
        i1_0.minimum_stock,
        i1_0.product_id,
        i1_0.reserved_quantity,
        i1_0.total_quantity,
        i1_0.updated_at 
    from
        inventory i1_0 
    where
        i1_0.product_id=?
Hibernate: 
    select
        i1_0.id,
        i1_0.available_quantity,
        i1_0.created_at,
        i1_0.last_restocked_at,
        i1_0.low_stock_alert,
        i1_0.minimum_stock,
        i1_0.product_id,
        i1_0.reserved_quantity,
        i1_0.total_quantity,
        i1_0.updated_at 
    from
        inventory i1_0 
    where
        i1_0.product_id=?
2025-06-16 21:10:00 - 
    select
        i1_0.id,
        i1_0.available_quantity,
        i1_0.created_at,
        i1_0.last_restocked_at,
        i1_0.low_stock_alert,
        i1_0.minimum_stock,
        i1_0.product_id,
        i1_0.reserved_quantity,
        i1_0.total_quantity,
        i1_0.updated_at 
    from
        inventory i1_0 
    where
        i1_0.product_id=?
Hibernate: 
    select
        i1_0.id,
        i1_0.available_quantity,
        i1_0.created_at,
        i1_0.last_restocked_at,
        i1_0.low_stock_alert,
        i1_0.minimum_stock,
        i1_0.product_id,
        i1_0.reserved_quantity,
        i1_0.total_quantity,
        i1_0.updated_at 
    from
        inventory i1_0 
    where
        i1_0.product_id=?
2025-06-16 21:10:00 - 
    select
        c1_0.id,
        c1_0.active,
        c1_0.created_at,
        c1_0.description,
        c1_0.display_order,
        c1_0.icon,
        c1_0.name,
        c1_0.updated_at 
    from
        categories c1_0 
    where
        c1_0.id=?
Hibernate: 
    select
        c1_0.id,
        c1_0.active,
        c1_0.created_at,
        c1_0.description,
        c1_0.display_order,
        c1_0.icon,
        c1_0.name,
        c1_0.updated_at 
    from
        categories c1_0 
    where
        c1_0.id=?
2025-06-16 21:10:00 - 
    select
        c1_0.id,
        c1_0.active,
        c1_0.created_at,
        c1_0.description,
        c1_0.display_order,
        c1_0.icon,
        c1_0.name,
        c1_0.updated_at 
    from
        categories c1_0 
    where
        c1_0.id=?
Hibernate: 
    select
        c1_0.id,
        c1_0.active,
        c1_0.created_at,
        c1_0.description,
        c1_0.display_order,
        c1_0.icon,
        c1_0.name,
        c1_0.updated_at 
    from
        categories c1_0 
    where
        c1_0.id=?
2025-06-16 21:10:00 - 
    select
        c1_0.id,
        c1_0.active,
        c1_0.created_at,
        c1_0.description,
        c1_0.display_order,
        c1_0.icon,
        c1_0.name,
        c1_0.updated_at 
    from
        categories c1_0 
    where
        c1_0.id=?
Hibernate: 
    select
        c1_0.id,
        c1_0.active,
        c1_0.created_at,
        c1_0.description,
        c1_0.display_order,
        c1_0.icon,
        c1_0.name,
        c1_0.updated_at 
    from
        categories c1_0 
    where
        c1_0.id=?
2025-06-16 21:10:00 - 
    select
        f1_0.product_id,
        f1_0.feature 
    from
        product_features f1_0 
    where
        f1_0.product_id=?
Hibernate: 
    select
        f1_0.product_id,
        f1_0.feature 
    from
        product_features f1_0 
    where
        f1_0.product_id=?
2025-06-16 21:10:00 - 
    select
        iu1_0.product_id,
        iu1_0.image_url 
    from
        product_images iu1_0 
    where
        iu1_0.product_id=?
Hibernate: 
    select
        iu1_0.product_id,
        iu1_0.image_url 
    from
        product_images iu1_0 
    where
        iu1_0.product_id=?
2025-06-16 21:10:00 - 
    select
        f1_0.product_id,
        f1_0.feature 
    from
        product_features f1_0 
    where
        f1_0.product_id=?
Hibernate: 
    select
        f1_0.product_id,
        f1_0.feature 
    from
        product_features f1_0 
    where
        f1_0.product_id=?
2025-06-16 21:10:00 - 
    select
        iu1_0.product_id,
        iu1_0.image_url 
    from
        product_images iu1_0 
    where
        iu1_0.product_id=?
Hibernate: 
    select
        iu1_0.product_id,
        iu1_0.image_url 
    from
        product_images iu1_0 
    where
        iu1_0.product_id=?
2025-06-16 21:10:00 - 
    select
        f1_0.product_id,
        f1_0.feature 
    from
        product_features f1_0 
    where
        f1_0.product_id=?
Hibernate: 
    select
        f1_0.product_id,
        f1_0.feature 
    from
        product_features f1_0 
    where
        f1_0.product_id=?
2025-06-16 21:10:00 - 
    select
        iu1_0.product_id,
        iu1_0.image_url 
    from
        product_images iu1_0 
    where
        iu1_0.product_id=?
Hibernate: 
    select
        iu1_0.product_id,
        iu1_0.image_url 
    from
        product_images iu1_0 
    where
        iu1_0.product_id=?
2025-06-16 21:17:06 - Securing GET /
2025-06-16 21:17:06 - Set SecurityContextHolder to anonymous SecurityContext
2025-06-16 21:17:06 - Secured GET /
2025-06-16 21:17:06 - Securing GET /index.html
2025-06-16 21:17:06 - Secured GET /index.html
2025-06-16 21:18:03 - Securing GET /api/products/search?q=mac
2025-06-16 21:18:03 - Set SecurityContextHolder to anonymous SecurityContext
2025-06-16 21:18:03 - Secured GET /api/products/search?q=mac
2025-06-16 21:18:03 - 
    select
        p1_0.id,
        p1_0.active,
        p1_0.age,
        p1_0.alcohol,
        p1_0.category_id,
        p1_0.created_at,
        p1_0.description,
        p1_0.distillery,
        p1_0.featured,
        p1_0.in_stock,
        p1_0.name,
        p1_0.original_price,
        p1_0.price,
        p1_0.primary_image_url,
        p1_0.rating,
        p1_0.region,
        p1_0.reviews,
        p1_0.type,
        p1_0.updated_at,
        p1_0.vintage 
    from
        products p1_0 
    where
        p1_0.active=true 
        and (
            lower(p1_0.name) like lower(('%'||?||'%')) escape '' 
            or lower(p1_0.description) like lower(('%'||?||'%')) escape '' 
            or lower(p1_0.distillery) like lower(('%'||?||'%')) escape ''
        )
Hibernate: 
    select
        p1_0.id,
        p1_0.active,
        p1_0.age,
        p1_0.alcohol,
        p1_0.category_id,
        p1_0.created_at,
        p1_0.description,
        p1_0.distillery,
        p1_0.featured,
        p1_0.in_stock,
        p1_0.name,
        p1_0.original_price,
        p1_0.price,
        p1_0.primary_image_url,
        p1_0.rating,
        p1_0.region,
        p1_0.reviews,
        p1_0.type,
        p1_0.updated_at,
        p1_0.vintage 
    from
        products p1_0 
    where
        p1_0.active=true 
        and (
            lower(p1_0.name) like lower(('%'||?||'%')) escape '' 
            or lower(p1_0.description) like lower(('%'||?||'%')) escape '' 
            or lower(p1_0.distillery) like lower(('%'||?||'%')) escape ''
        )
2025-06-16 21:18:03 - 
    select
        i1_0.id,
        i1_0.available_quantity,
        i1_0.created_at,
        i1_0.last_restocked_at,
        i1_0.low_stock_alert,
        i1_0.minimum_stock,
        i1_0.product_id,
        i1_0.reserved_quantity,
        i1_0.total_quantity,
        i1_0.updated_at 
    from
        inventory i1_0 
    where
        i1_0.product_id=?
Hibernate: 
    select
        i1_0.id,
        i1_0.available_quantity,
        i1_0.created_at,
        i1_0.last_restocked_at,
        i1_0.low_stock_alert,
        i1_0.minimum_stock,
        i1_0.product_id,
        i1_0.reserved_quantity,
        i1_0.total_quantity,
        i1_0.updated_at 
    from
        inventory i1_0 
    where
        i1_0.product_id=?
2025-06-16 21:18:03 - 
    select
        c1_0.id,
        c1_0.active,
        c1_0.created_at,
        c1_0.description,
        c1_0.display_order,
        c1_0.icon,
        c1_0.name,
        c1_0.updated_at 
    from
        categories c1_0 
    where
        c1_0.id=?
Hibernate: 
    select
        c1_0.id,
        c1_0.active,
        c1_0.created_at,
        c1_0.description,
        c1_0.display_order,
        c1_0.icon,
        c1_0.name,
        c1_0.updated_at 
    from
        categories c1_0 
    where
        c1_0.id=?
2025-06-16 21:18:03 - 
    select
        f1_0.product_id,
        f1_0.feature 
    from
        product_features f1_0 
    where
        f1_0.product_id=?
Hibernate: 
    select
        f1_0.product_id,
        f1_0.feature 
    from
        product_features f1_0 
    where
        f1_0.product_id=?
2025-06-16 21:18:03 - 
    select
        iu1_0.product_id,
        iu1_0.image_url 
    from
        product_images iu1_0 
    where
        iu1_0.product_id=?
Hibernate: 
    select
        iu1_0.product_id,
        iu1_0.image_url 
    from
        product_images iu1_0 
    where
        iu1_0.product_id=?
2025-06-16 21:23:58 - Commencing graceful shutdown. Waiting for active requests to complete
2025-06-16 21:23:58 - Graceful shutdown complete
2025-06-16 21:23:58 - Closing JPA EntityManagerFactory for persistence unit 'default'
2025-06-16 21:23:58 - Invocation of destroy method failed on bean with name 'inMemoryDatabaseShutdownExecutor': org.h2.jdbc.JdbcSQLNonTransientConnectionException: Database is already closed (to disable automatic closing at VM shutdown, add ";DB_CLOSE_ON_EXIT=FALSE" to the db URL) [90121-232]
2025-06-16 21:23:58 - HikariPool-1 - Shutdown initiated...
2025-06-16 21:23:58 - HikariPool-1 - Shutdown completed.
