[INFO] Scanning for projects...
[INFO] 
[INFO] ----------------< com.hometown.store:liquor-store-app >-----------------
[INFO] Building liquor-store-app 0.0.1-SNAPSHOT
[INFO]   from pom.xml
[INFO] --------------------------------[ war ]---------------------------------
[INFO] 
[INFO] >>> spring-boot:3.5.0:run (default-cli) > test-compile @ liquor-store-app >>>
[INFO] 
[INFO] --- frontend:1.12.1:install-node-and-npm (install node and npm) @ liquor-store-app ---
[INFO] Node v18.17.0 is already installed.
[INFO] 
[INFO] --- frontend:1.12.1:npm (npm install) @ liquor-store-app ---
[INFO] Running 'npm install' in /Users/saivivekreddykusukuntla/IdeaProjects/liquor-store-app/src/main/frontend
[INFO] 
[INFO] up to date, audited 1343 packages in 2s
[INFO] 
[INFO] 269 packages are looking for funding
[INFO]   run `npm fund` for details
[INFO] 
[INFO] 10 vulnerabilities (1 low, 3 moderate, 6 high)
[INFO] 
[INFO] To address issues that do not require attention, run:
[INFO]   npm audit fix
[INFO] 
[INFO] To address all issues (including breaking changes), run:
[INFO]   npm audit fix --force
[INFO] 
[INFO] Run `npm audit` for details.
[INFO] 
[INFO] --- frontend:1.12.1:npm (npm run build) @ liquor-store-app ---
[INFO] Running 'npm run build' in /Users/saivivekreddykusukuntla/IdeaProjects/liquor-store-app/src/main/frontend
[INFO] 
[INFO] > frontend@0.1.0 build
[INFO] > react-scripts build
[INFO] 
[INFO] Creating an optimized production build...
[INFO] Compiled with warnings.
[INFO] 
[INFO] [eslint] 
[INFO] src/components/BourbonCatalog.js
[INFO]   Line 771:6:  React Hook useMemo has missing dependencies: 'bourbons' and 'filterOptions.priceRange'. Either include them or remove the dependency array  react-hooks/exhaustive-deps
[INFO] 
[INFO] src/components/ScotchCatalog.js
[INFO]   Line 699:6:  React Hook useMemo has missing dependencies: 'filterOptions.priceRange' and 'scotchWhiskies'. Either include them or remove the dependency array  react-hooks/exhaustive-deps
[INFO] 
[INFO] src/components/WineCatalog.js
[INFO]   Line 939:6:  React Hook useMemo has missing dependencies: 'filterOptions.priceRange' and 'wines'. Either include them or remove the dependency array  react-hooks/exhaustive-deps
[INFO] 
[INFO] Search for the keywords to learn more about each warning.
[INFO] To ignore, add // eslint-disable-next-line to the line before.
[INFO] 
[INFO] File sizes after gzip:
[INFO] 
[INFO]   82.73 kB  build/static/js/main.313f6a3b.js
[INFO]   9.47 kB   build/static/css/main.73dd49b7.css
[INFO]   1.78 kB   build/static/js/453.8ab44547.chunk.js
[INFO] 
[INFO] The project was built assuming it is hosted at /.
[INFO] You can control this with the homepage field in your package.json.
[INFO] 
[INFO] The build folder is ready to be deployed.
[INFO] You may serve it with a static server:
[INFO] 
[INFO]   npm install -g serve
[INFO]   serve -s build
[INFO] 
[INFO] Find out more about deployment here:
[INFO] 
[INFO]   https://cra.link/deployment
[INFO] 
[INFO] 
[INFO] --- resources:3.3.1:resources (default-resources) @ liquor-store-app ---
[INFO] Copying 2 resources from src/main/resources to target/classes
[INFO] Copying 100 resources from src/main/resources to target/classes
[INFO] 
[INFO] --- compiler:3.14.0:compile (default-compile) @ liquor-store-app ---
[INFO] Nothing to compile - all classes are up to date.
[INFO] 
[INFO] --- resources:3.3.1:testResources (default-testResources) @ liquor-store-app ---
[INFO] skip non existing resourceDirectory /Users/saivivekreddykusukuntla/IdeaProjects/liquor-store-app/src/test/resources
[INFO] 
[INFO] --- compiler:3.14.0:testCompile (default-testCompile) @ liquor-store-app ---
[INFO] Nothing to compile - all classes are up to date.
[INFO] 
[INFO] <<< spring-boot:3.5.0:run (default-cli) < test-compile @ liquor-store-app <<<
[INFO] 
[INFO] 
[INFO] --- spring-boot:3.5.0:run (default-cli) @ liquor-store-app ---
[INFO] Attaching agents: []

  .   ____          _            __ _ _
 /\\ / ___'_ __ _ _(_)_ __  __ _ \ \ \ \
( ( )\___ | '_ | '_| | '_ \/ _` | \ \ \ \
 \\/  ___)| |_)| | | | | || (_| |  ) ) ) )
  '  |____| .__|_| |_|_| |_\__, | / / / /
 =========|_|==============|___/=/_/_/_/

 :: Spring Boot ::                (v3.5.0)

2025-06-11T21:40:16.984-05:00  INFO 77203 --- [liquor-store-app] [           main] c.h.s.l.LiquorStoreAppApplication        : Starting LiquorStoreAppApplication using Java 22.0.1 with PID 77203 (/Users/saivivekreddykusukuntla/IdeaProjects/liquor-store-app/target/classes started by saivivekreddykusukuntla in /Users/saivivekreddykusukuntla/IdeaProjects/liquor-store-app)
2025-06-11T21:40:16.985-05:00  INFO 77203 --- [liquor-store-app] [           main] c.h.s.l.LiquorStoreAppApplication        : No active profile set, falling back to 1 default profile: "default"
2025-06-11T21:40:17.310-05:00  INFO 77203 --- [liquor-store-app] [           main] .s.d.r.c.RepositoryConfigurationDelegate : Bootstrapping Spring Data JPA repositories in DEFAULT mode.
2025-06-11T21:40:17.320-05:00  INFO 77203 --- [liquor-store-app] [           main] .s.d.r.c.RepositoryConfigurationDelegate : Finished Spring Data repository scanning in 5 ms. Found 0 JPA repository interfaces.
2025-06-11T21:40:17.609-05:00  INFO 77203 --- [liquor-store-app] [           main] o.s.b.w.embedded.tomcat.TomcatWebServer  : Tomcat initialized with port 8080 (http)
2025-06-11T21:40:17.618-05:00  INFO 77203 --- [liquor-store-app] [           main] o.apache.catalina.core.StandardService   : Starting service [Tomcat]
2025-06-11T21:40:17.619-05:00  INFO 77203 --- [liquor-store-app] [           main] o.apache.catalina.core.StandardEngine    : Starting Servlet engine: [Apache Tomcat/10.1.41]
2025-06-11T21:40:17.651-05:00  INFO 77203 --- [liquor-store-app] [           main] o.a.c.c.C.[Tomcat].[localhost].[/]       : Initializing Spring embedded WebApplicationContext
2025-06-11T21:40:17.652-05:00  INFO 77203 --- [liquor-store-app] [           main] w.s.c.ServletWebServerApplicationContext : Root WebApplicationContext: initialization completed in 647 ms
2025-06-11T21:40:17.735-05:00  INFO 77203 --- [liquor-store-app] [           main] o.hibernate.jpa.internal.util.LogHelper  : HHH000204: Processing PersistenceUnitInfo [name: default]
2025-06-11T21:40:17.762-05:00  INFO 77203 --- [liquor-store-app] [           main] org.hibernate.Version                    : HHH000412: Hibernate ORM core version 6.6.15.Final
2025-06-11T21:40:17.778-05:00  INFO 77203 --- [liquor-store-app] [           main] o.h.c.internal.RegionFactoryInitiator    : HHH000026: Second-level cache disabled
2025-06-11T21:40:17.903-05:00  INFO 77203 --- [liquor-store-app] [           main] o.s.o.j.p.SpringPersistenceUnitInfo      : No LoadTimeWeaver setup: ignoring JPA class transformer
2025-06-11T21:40:17.917-05:00  INFO 77203 --- [liquor-store-app] [           main] com.zaxxer.hikari.HikariDataSource       : HikariPool-1 - Starting...
2025-06-11T21:40:18.012-05:00  INFO 77203 --- [liquor-store-app] [           main] com.zaxxer.hikari.pool.HikariPool        : HikariPool-1 - Added connection conn0: url=jdbc:h2:mem:testdb user=SA
2025-06-11T21:40:18.013-05:00  INFO 77203 --- [liquor-store-app] [           main] com.zaxxer.hikari.HikariDataSource       : HikariPool-1 - Start completed.
2025-06-11T21:40:18.025-05:00  WARN 77203 --- [liquor-store-app] [           main] org.hibernate.orm.deprecation            : HHH90000025: H2Dialect does not need to be specified explicitly using 'hibernate.dialect' (remove the property setting and it will be selected by default)
2025-06-11T21:40:18.033-05:00  INFO 77203 --- [liquor-store-app] [           main] org.hibernate.orm.connections.pooling    : HHH10001005: Database info:
	Database JDBC URL [Connecting through datasource 'HikariDataSource (HikariPool-1)']
	Database driver: undefined/unknown
	Database version: 2.3.232
	Autocommit mode: undefined/unknown
	Isolation level: undefined/unknown
	Minimum pool size: undefined/unknown
	Maximum pool size: undefined/unknown
2025-06-11T21:40:18.182-05:00  INFO 77203 --- [liquor-store-app] [           main] o.h.e.t.j.p.i.JtaPlatformInitiator       : HHH000489: No JTA platform available (set 'hibernate.transaction.jta.platform' to enable JTA platform integration)
2025-06-11T21:40:18.184-05:00  INFO 77203 --- [liquor-store-app] [           main] j.LocalContainerEntityManagerFactoryBean : Initialized JPA EntityManagerFactory for persistence unit 'default'
2025-06-11T21:40:18.213-05:00  WARN 77203 --- [liquor-store-app] [           main] JpaBaseConfiguration$JpaWebConfiguration : spring.jpa.open-in-view is enabled by default. Therefore, database queries may be performed during view rendering. Explicitly configure spring.jpa.open-in-view to disable this warning
2025-06-11T21:40:18.227-05:00  INFO 77203 --- [liquor-store-app] [           main] o.s.b.a.w.s.WelcomePageHandlerMapping    : Adding welcome page: class path resource [static/index.html]
2025-06-11T21:40:18.310-05:00  INFO 77203 --- [liquor-store-app] [           main] r$InitializeUserDetailsManagerConfigurer : Global AuthenticationManager configured with UserDetailsService bean with name inMemoryUserDetailsManager
2025-06-11T21:40:18.426-05:00  INFO 77203 --- [liquor-store-app] [           main] o.s.b.a.h2.H2ConsoleAutoConfiguration    : H2 console available at '/h2-console'. Database available at 'jdbc:h2:mem:testdb'
2025-06-11T21:40:18.500-05:00  INFO 77203 --- [liquor-store-app] [           main] o.s.b.w.embedded.tomcat.TomcatWebServer  : Tomcat started on port 8080 (http) with context path '/'
2025-06-11T21:40:18.506-05:00  INFO 77203 --- [liquor-store-app] [           main] c.h.s.l.LiquorStoreAppApplication        : Started LiquorStoreAppApplication in 1.768 seconds (process running for 1.925)
2025-06-11T21:40:26.087-05:00  INFO 77203 --- [liquor-store-app] [nio-8080-exec-1] o.a.c.c.C.[Tomcat].[localhost].[/]       : Initializing Spring DispatcherServlet 'dispatcherServlet'
2025-06-11T21:40:26.087-05:00  INFO 77203 --- [liquor-store-app] [nio-8080-exec-1] o.s.web.servlet.DispatcherServlet        : Initializing Servlet 'dispatcherServlet'
2025-06-11T21:40:26.088-05:00  INFO 77203 --- [liquor-store-app] [nio-8080-exec-1] o.s.web.servlet.DispatcherServlet        : Completed initialization in 1 ms
2025-06-11T21:40:05.718-05:00  INFO 76976 --- [liquor-store-app] [ionShutdownHook] o.s.b.w.e.tomcat.GracefulShutdown        : Commencing graceful shutdown. Waiting for active requests to complete
2025-06-11T21:40:05.739-05:00  INFO 76976 --- [liquor-store-app] [tomcat-shutdown] o.s.b.w.e.tomcat.GracefulShutdown        : Graceful shutdown complete
2025-06-11T21:40:05.771-05:00  INFO 76976 --- [liquor-store-app] [ionShutdownHook] j.LocalContainerEntityManagerFactoryBean : Closing JPA EntityManagerFactory for persistence unit 'default'
2025-06-11T21:40:05.776-05:00  INFO 76976 --- [liquor-store-app] [ionShutdownHook] com.zaxxer.hikari.HikariDataSource       : HikariPool-1 - Shutdown initiated...
2025-06-11T21:40:05.779-05:00  INFO 76976 --- [liquor-store-app] [ionShutdownHook] com.zaxxer.hikari.HikariDataSource       : HikariPool-1 - Shutdown completed.
